00010000 ? __itcm_ram_end__
00010000 ? __itcm_ram_start__
00100000 A __voe_code_size__
00800000 D __btrace_end__
00800000 D __btrace_start__
10000000 A __rom_stubs_hal_timer
10000000 A __rom_stubs_hal_timer_s
10000000 A _start_addr
10000000 A hal_gtimer_stubs
10000000 A Image$$_STUB_TMR$$Base
100000e0 A __rom_stubs_int_vector
100000e0 A hal_int_vector_stubs
100000e0 A Image$$_STUB_INT_VECTOR$$Base
10000130 A __rom_stubs_hal_crypto
10000130 A hal_crypto_stubs_s
10000130 A Image$$_STUB_CRYPTO$$Base
100001f0 A __rom_stubs_hal_rsa
100001f0 A hal_rsa_stubs
10000230 A __rom_stubs_hal_ecdsa
10000230 A hal_ecdsa_stubs
100002f0 A __rom_stubs_hal_eddsa
100002f0 A hal_eddsa_stubs
10000390 A __rom_stubs_hal_pwm
10000390 A hal_pwm_stubs
10000390 A Image$$_STUB_PWM$$Base
10000460 A __rom_stubs_hal_uart
10000460 A hal_uart_stubs
10000460 A Image$$_STUB_UART$$Base
10000580 A __rom_stubs_hal_i2c
10000580 A hal_i2c_stubs
10000580 A Image$$_STUB_I2C$$Base
10000680 A __rom_stubs_hal_gpio
10000680 A hal_gpio_stubs
10000680 A Image$$_STUB_GPIO$$Base
10000740 A __rom_stubs_hal_otp
10000740 A hal_otp_stubs
10000860 A __rom_stubs_hal_gdma
10000860 A __rom_stubs_hal_gdma_s
10000860 A hal_gdma_stubs
10000860 A Image$$_STUB_GDMA$$Base
10000920 A __rom_stubs_hal_spic
10000920 A hal_spic_stubs
10000920 A Image$$_STUB_SPIC$$Base
10000980 A __rom_stubs_hal_flash
10000980 A hal_flash_stubs
10000980 A Image$$_STUB_FLASH$$Base
10000a20 A __rom_stubs_hal_pinmux
10000a20 A hal_pin_manag_stubs
10000a20 A Image$$_STUB_PINMUX$$Base
10000a60 A __rom_stubs_hal_cache
10000a60 A hal_cache_stubs
10000a60 A Image$$_STUB_CACHE$$Base
10000aa0 A __rom_stubs_hal_misc
10000aa0 A hal_misc_stubs
10000aa0 A Image$$_STUB_MISC$$Base
10000b00 A __rom_stubs_hal_wdt
10000b00 A hal_wdt_stubs
10000b60 A __rom_stubs_flash_boot
10000b60 A hal_flash_boot_stubs
10000ba0 A __rom_stubs_hal_sys_ctrl
10000ba0 A hal_sys_ctrl_stubs
10000c00 A __rom_stubs_hal_snand
10000c00 A hal_snand_stubs
10000c00 A Image$$_STUB_SNAND$$Base
10000c60 A __rom_stubs_hal_hkdf
10000c60 A hal_hkdf_stubs
10000ca0 A __rom_stubs_hal_flash_sec
10000ca0 A hal_flash_sec_stubs
10000d00 A __rom_stubs_stdprintf_s
10000d00 A Image$$_STUB_PRINTFS$$Base
10000d50 A __rom_stubs_strproc
10000d50 A Image$$_STUB_STRPROC$$Base
10000d50 A strproc_stubs
10000e10 A __rom_stubs_utility
10000e10 A Image$$_STUB_UTILITY$$Base
10000e10 A utility_stubs
10000e60 A __rom_stubs_ssl_s
10000fd0 A __rom_stubs_flash_boot_tlv
10000fd0 A hal_flash_boot_tlv_stubs
10001070 A __rom_stubs_hal_hkdf_extend
10001070 A hal_hkdf_ext_stubs
100010b0 A __rom_stubs_hal_trng
100010b0 A hal_trng_stubs
100010b0 A Image$$_STUB_TRNG$$Base
10001130 A __rom_stubs_hal_flash_sec_extend
10001130 A hal_flash_sec_ext_stubs
10001180 A __rom_stubs_snand_boot
10001180 A hal_snand_boot_stubs
100bc030 A __rom_stubs_hal_crypto_ns
100bc030 A hal_crypto_stubs_ns
100bc030 A Image$$_STUB_CRYPTONS$$Base
100bc540 A __rom_stubs_hal_gdma_ns
100bc7a0 A __rom_stubs_shell
100bc7a0 A cmd_shell_stubs
100bc7a0 A Image$$_STUB_SHELL$$Base
100bc800 A __rom_stubs_stdprintf_ns
100bc800 A Image$$_STUB_PRINTFNS$$Base
100bc800 A stdio_printf_stubs
100bc930 A __rom_stubs_utility_ns
100bc980 A __rom_stubs_wlan
100bc980 A Image$$_STUB_WLAN$$Base
100bc980 A wlan_func_stubs
100bcb00 A __rom_stubs_apple
100bcb00 A apple_func_stubs
100bcb00 A Image$$_STUB_APPLE$$Base
100bcb40 A __rom_stubs_ssl
100bcb40 A __rom_stubs_ssl_ns
100bcb40 A Image$$_STUB_SSL$$Base
100bcb40 A ssl_func_stubs
100bd030 A __rom_stubs_faac
100bd030 A faac_func_stubs
100bff00 A __rom_stubs_symb_ns4s
100bff00 A Image$$_STUB_NS4S$$Base
100bff00 A symb_ns4s_stubs
20000000 ? __end__
20000000 ? __HeapBase
20000000 ? __HeapLimit
20000000 ? __rom_temp_bss_end__
20000000 ? __rom_temp_bss_start__
20000000 ? end
20000000 ? stack
20003000 A __StackLimit
20004000 D __StackTop
20100000 D __ram_vector_start__
20100000 D ram_vector_table
20100140 D __ram_vector_end__
20105200 D __ram_start_table_start__
20105200 D gRamStartFun
20105280 D __ram_start_table_end__
201052f0 R __ram_img_signature__
201052f0 R RamImgSignature
20105300 T __etext2
20105300 T __ram_entry_text_start__
20105300 T sys_wake_resume
20105302 T ram_start
201055fc T __ram_code_text_start__
201055fc T __ram_entry_text_end__
201055fc t dcache_clean_by_addr
2010560c t hal_uart_wputc
2010561c t hal_uart_rgetc
2010562c t rt_memset.constprop.0.isra.0
20105640 T ram_start_bss_data_init
20105688 T ram_start_exram_bss_init
201056b8 W log_uart_flush_wait
201056d8 W log_uart_port_init
20105758 T ram_system_init
2010577c T app_start
201057a8 T mpu_init
2010589c t __wrap_stdio_port_sputc
201058b8 T __wrap_malloc
201058c0 T __wrap_realloc
201058c8 T __wrap_free
201058d0 T __wrap_puts
20105900 T __wrap_printf
20105928 T __wrap_memcmp
20105938 T __wrap_memcpy
20105948 T __wrap_memmove
20105958 T __wrap_memset
20105968 T __wrap_strcmp
20105978 T __wrap_strncmp
20105988 T __wrap_strcpy
20105998 T __wrap_strlen
201059a8 T __wrap_abort
201059b8 t hal_gpio_pull_ctrl.isra.0
201059c8 T hal_sys_boot_footpath_store
201059d8 T hal_sys_sjtag_fixed_key_enable
20105a08 T hal_sys_get_rom_ver
20105a1c T hal_sys_get_chip_id
20105a78 T hal_sys_peripheral_en
20105b10 T hal_sys_get_clk
20105b3c T hal_sys_check_kc_bind_img
20105b7c T hal_sys_clear_kc_bind_img
20105bcc T hal_sys_swd_pin_ctrl
20105c70 T hal_sys_jtag_pin_ctrl
20105d20 T hal_sys_get_boot_select
20105d3c T hal_sys_save_dev_adtr
20105d58 T hal_osc4m_cal
20105e54 T hal_sys_bt_uart_mux
20105ea0 T hal_sys_get_atld_cfg
20105f08 T hal_sys_dbg_port_cfg
20105ffc T hal_sys_dbg_port_en_ctrl
20106068 T hal_dramc_ftend_init
201060d4 T hal_dramc_perf_tune
20106660 T hal_dramc_init
20106ce0 T cpu_read_modify_write
20106cec T hal_ddr2_phy_init
20107124 T hal_ddr3_phy_init
20107584 T hal_init_dram
20107644 T dram_r480_calibration
20107730 T dram_zq_calibration
20107acc T dram_set_pll_frequency
20107b5c T dram_init_clk_frequency_dss
20107ca4 T hal_gdma_chnl_free
20107cc8 T hal_pon_gpio_comm_init
20107cd0 T hal_gpio_init
20107d40 T hal_flash_set_write_enable
20107d50 T hal_flash_set_status
20107d60 T hal_flash_get_status
20107d70 T hal_flash_set_dummy_cycle
20107d80 T hal_flash_set_quad_enable
20107e28 T hal_flash_enable_qpi
20107ec0 T hal_flash_return_spi
20107ed0 T hal_flash_page_program
20107ee0 T hal_flash_support_new_type
20107ee4 T hal_read_curtime_us
20107ef4 T hal_delay_us
20107f10 t hal_gpio_pull_ctrl.isra.0
20107f20 T hal_uart_check_uart_id
20107fe4 T hal_uart_init
20108098 T hal_uart_deinit
2010810c T hal_uart_tx_gdma_deinit
20108128 T hal_uart_rx_gdma_deinit
20108144 T hal_wdt_all_disable
20108154 T hal_pinmux_rom_info_manage
20108164 T hal_pinmux_manager_init
20108194 T hal_pinmux_register
201081a4 T hal_pinmux_unregister
201081b4 t hal_gpio_pull_ctrl.isra.0
201081c4 T spic_query_system_clk
201081d4 T spic_init_setting
201081e4 T spic_config_dtr_read
201081f4 T spic_config_auto_mode
20108358 T spic_config_user_mode
2010839c T spic_verify_calibration_para
201083ac T spic_set_chnl_num
201083bc T spic_set_delay_line
201083cc T spic_tx_cmd_no_check
201083dc T spic_tx_cmd
201083ec T spic_pinmux_ctl
2010847c T spic_load_calibration_setting
2010857c T spic_store_calibration_setting
20108600 T spic_calibration
201088b0 T spic_init
20108998 t __hal_rtl_sys_get_clk_patch_veneer
201089a0 t __hal_snand_adtr_reset_veneer
201089a8 t __hal_otp_pwr_ctrl_veneer
201089b0 t __hal_otp_rd_syss_veneer
201089b8 t __hal_snand_clk_sel_veneer
201089c0 t ____libc_init_array_veneer
201089c8 t __shell_cmd_init_veneer
201089d0 t __hal_snand_io_mode_sel_veneer
201089d8 t __vPortFree_veneer
201089e0 t __pvPortMalloc_veneer
201089e8 t __hal_rtl_uart_init_bt_patch_veneer
201089f0 t __pvPortReAlloc_veneer
201089f8 t __hal_snand_set_quad_enable_veneer
20108a00 t __hal_rtl_pon_gpio_comm_init_patch_veneer
20108a08 t __voe_export_info_init_veneer
20108a10 t __hal_otp_init_veneer
20108a18 t __main_veneer
20108a20 t __hal_snand_init_veneer
20108a28 t __hal_rtl_sys_peripheral_en_patch_veneer
20108a30 t __hal_otp_get_pc_dly_veneer
20108a38 t __hal_otp_pmc_gnt_ctrl_veneer
20108a40 t __hal_rtl_uart_deinit_patch_veneer
20108a48 t __hal_otpc_ctrl_veneer
20108a50 D __bl4fw_data_start__
20108a50 D __data_start__
20108a50 D __etext
20108a50 D __fw_img_start__
20108a50 D bl4fw_info
20108a50 T __ram_code_text_end__
20108be0 D __bl4fw_data_end__
20108be0 D __bl4voe_data_start__
20108be0 D bl4voe_shared
201093e0 D __bl4voe_data_end__
201093e0 D __bl4voe_ldinfo_data_start__
201093e0 D bl4voe_ld_info
20109614 D __bl4voe_ldinfo_data_end__
20109614 D __bl4voe_peri_data_start__
20109614 D bl4voe_peri
20109e14 D __bl4voe_peri_data_end__
20109e14 D ddr2_bus_addr_remap_info
20109e34 D ddr2_bus_addr_remap_info_64MB
20109e54 D ddr3_bus_addr_remap_info
20109e74 D pll_frequence_table
20109f10 D rxi316_ddr2_dev
20109f1c D rxi316_ddr2_dev_64MB
20109f28 D rxi316_ddr2_dramc_info
20109f9c D rxi316_ddr2_info_m
20109fb4 D rxi316_ddr2_mode_reg
2010a008 D rxi316_ddr2_timing
2010a06c D rxi316_ddr3_dev
2010a078 D rxi316_ddr3_dramc_info
2010a0ec D rxi316_ddr3_info_m
2010a104 D rxi316_ddr3_mode_reg
2010a158 D rxi316_ddr3_timing
2010a1bc D slot_starve_info
2010a218 d __init_array_start
2010a218 d __preinit_array_end
2010a218 d __preinit_array_start
2010a230 D __data_end__
2010a230 d __init_array_end
2010a230 R __ram_code_rodata_start__
2010a30c R dbg_port_clk_pin_sel
2010a314 R dbg_port_tms_io_pin_sel
2010aa61 r __func__.0
2010aa78 B __bss_start__
2010aa78 B Serial
2010aa78 R __ram_code_rodata_end__
2010aa90 B log_uart_obj
2010ac34 B rx_buffer0
2010acbc B Serial1
2010acd4 b _ZL8uart_obj
2010ae78 B rx_buffer1
2010af00 B Serial3
2010af18 b _ZL8uart_obj
2010b0bc B rx_buffer3
2010b144 B Serial2
2010b15c b _ZL8uart_obj
2010b300 B rx_buffer2
2010b388 b _ZL11INADDR_NONE
2010b3a4 B _ZN7WiFiDrv12_arduinoDns1E
2010b3c0 B _ZN7WiFiDrv12_arduinoDns2E
2010b3dc B _ZN7WiFiDrv14_arduinoGwAddrE
2010b3f8 B _ZN7WiFiDrv14_arduinoIpAddrE
2010b414 B _ZN7WiFiDrv16_arduinoApGwAddrE
2010b430 B _ZN7WiFiDrv16_arduinoApIpAddrE
2010b44c B _ZN7WiFiDrv19_arduinoNetmaskAddrE
2010b468 B _ZN7WiFiDrv21_arduinoApNetmaskAddrE
2010b484 B SystemCoreClock
2010b488 B ddr_en_gpio
2010b4c8 B hal_gdma_group
2010b4fc B hal_snafc_adaptor
2010b574 B hal_spic_adaptor
2010b660 B log_uart
2010b738 B pglob_snafc_adaptor
2010b73c B pglob_spic_adaptor
2010b740 B pinmux_manager
2010b79c B ram_gpio_pon_comm_adpt
2010b7bc B system_timer
2010b82c B timer_group1
2010b86c B p_sys_hal_snafc_adaptor
2010b870 B p_sys_hal_spic_adaptor
2010b874 b nand_fw_part_adpt
2010b8e4 b nand_isp_part_adpt
2010b954 B voe_export_adtr
2010b978 B shell_case_conv_buf
2010b998 B shell_cmd_buffer
2010b9e8 B shell_cmd_hdl
2010ba88 B shell_cmd_hist
2010bb88 B shell_cmd_list
2010ca08 b uxIdleTaskStack.2
2010d208 b uxTimerTaskStack.0
2010e208 b xIdleTaskTCB.3
2010e698 b xTimerTaskTCB.1
2010eb28 B snand_ctrl_info
2010ebe8 B snand_layout_info_inited
2010ebec B snand_part_tbl
2010edbc b ulCinitMode
2010edc0 b ulCriticalNesting
2010edc4 B xQueueRegistry
2010ee04 b serial_dma_init
2010ee0c B FreeRTOS_errno
2010ee10 B pxCurrentTCB
2010ee14 b pxDelayedTaskList
2010ee18 b pxOverflowDelayedTaskList
2010ee1c b pxReadyTasksLists
2010eef8 b ulTaskSwitchedInTime
2010eefc b ulTotalRunTime
2010ef00 b uxCurrentNumberOfTasks
2010ef04 b uxDeletedTasksWaitingCleanUp
2010ef08 b uxSchedulerSuspended
2010ef0c b uxTaskNumber
2010ef10 b uxTopReadyPriority
2010ef14 b xDelayedTaskList1
2010ef28 b xDelayedTaskList2
2010ef3c b xNextTaskUnblockTime
2010ef40 b xNumOfOverflows
2010ef44 b xPendedTicks
2010ef48 b xPendingReadyList
2010ef5c b xSchedulerRunning
2010ef60 b xSuspendedTaskList
2010ef74 b xTasksWaitingTermination
2010ef88 b xTickCount
2010ef8c b xYieldPending
2010ef90 b pxCurrentTimerList
2010ef94 b pxOverflowTimerList
2010ef98 b ucStaticTimerQueueStorage.1
2010f258 b xActiveTimerList1
2010f26c b xActiveTimerList2
2010f280 b xLastTime.2
2010f284 b xStaticTimerQueue.0
2010f2d8 b xTimerQueue
2010f2dc b xTimerTaskHandle
2010f2e0 b us_ticker_inited
2010f2e4 b event_handler
2010f2e8 b head
2010f2ec b _ZL10eh_globals
2010f2f8 b _ZZN9__gnu_cxx27__verbose_terminate_handlerEvE11terminating
2010f2fc b _ZN12_GLOBAL__N_114emergency_poolE
2010f30c B errno
2010f310 B __malloc_top_pad
2010f314 B __malloc_current_mallinfo
2010f33c B __malloc_max_sbrked_mem
2010f340 B __malloc_max_total_mem
2010f344 B __lock___arc4random_mutex
2010f345 B __lock___dd_hash_mutex
2010f346 B __lock___tz_mutex
2010f347 B __lock___env_recursive_mutex
2010f348 B __lock___malloc_recursive_mutex
2010f349 B __lock___at_quick_exit_mutex
2010f34a B __lock___atexit_recursive_mutex
2010f34b B __lock___sfp_recursive_mutex
2010f34c B __lock___sinit_recursive_mutex
2010f350 b heap_end.0
2010f354 B vfs
2010f3b0 B __bss_end__
2010f3b0 B __ns_bss_end__
2010f3b0 B __ns_bss_start__
2010f3b0 B __sram_heap_start__
20177b00 ? __nc_bss_end__
20177b00 ? __nc_bss_start__
20177b00 ? __nc_data_start__
20177b00 A __sram_end__
70000000 ? __voe_code_start__
70100000 ? __eram_bss_end__
70100000 ? __eram_bss_start__
70100000 T __ddr_code_text_start__
70100000 T _ZNK10__cxxabiv117__class_type_info11__do_upcastEPKS0_PPv
70100032 T _ZNK10__cxxabiv117__class_type_info20__do_find_public_srcEiPKvPKS0_S2_
70100040 T _ZN10__cxxabiv117__class_type_infoD1Ev
70100040 T _ZN10__cxxabiv117__class_type_infoD2Ev
70100054 T _ZN10__cxxabiv117__class_type_infoD0Ev
70100068 T _ZNK10__cxxabiv117__class_type_info12__do_dyncastEiNS0_10__sub_kindEPKS0_PKvS3_S5_RNS0_16__dyncast_resultE
701000a6 T _ZNK10__cxxabiv117__class_type_info11__do_upcastEPKS0_PKvRNS0_15__upcast_resultE
701000be T _ZNK10__cxxabiv117__class_type_info10__do_catchEPKSt9type_infoPPvj
701000e8 T _ZdlPvj
701000ec T __cxa_end_cleanup
701000f8 t _ZN10__cxxabiv1L24__is_gxx_exception_classEPc
70100134 T __cxa_type_match
701001f0 T __cxa_begin_cleanup
7010022a T __gnu_end_cleanup
7010025c T _ZNSt13bad_exceptionD1Ev
7010025c T _ZNSt13bad_exceptionD2Ev
70100260 T _ZGTtNKSt13bad_exception4whatEv
70100260 T _ZNKSt13bad_exception4whatEv
70100268 T _ZNSt13bad_exceptionD0Ev
70100278 T __cxa_get_globals_fast
70100280 T __cxa_get_globals
70100288 t _ZL12read_uleb128PKhPm
701002a4 t _ZL12read_sleb128PKhPl
701002d2 t _ZL28read_encoded_value_with_basehjPKhPj
7010035e t _ZL21base_of_encoded_valuehP15_Unwind_Context
701003a6 t _ZL18read_encoded_valueP15_Unwind_ContexthPKhPj
701003c8 t _ZL17parse_lsda_headerP15_Unwind_ContextPKhP16lsda_header_info
7010042a t _Unwind_GetGR
70100444 T __gxx_personality_v0
70100784 T _ZN10__cxxabiv111__terminateEPFvvE
701007ac T _ZSt13get_terminatev
701007b8 T _ZSt9terminatev
701007c2 T _ZN10__cxxabiv112__unexpectedEPFvvE
701007cc T _ZSt14get_unexpectedv
701007d8 T _ZSt10unexpectedv
701007e4 T _ZN10__cxxabiv120__si_class_type_infoD1Ev
701007e4 T _ZN10__cxxabiv120__si_class_type_infoD2Ev
701007f8 T _ZN10__cxxabiv120__si_class_type_infoD0Ev
7010080c T _ZNK10__cxxabiv120__si_class_type_info20__do_find_public_srcEiPKvPKNS_17__class_type_infoES2_
70100844 T _ZNK10__cxxabiv120__si_class_type_info12__do_dyncastEiNS_17__class_type_info10__sub_kindEPKS1_PKvS4_S6_RNS1_16__dyncast_resultE
701008b8 T _ZNK10__cxxabiv120__si_class_type_info11__do_upcastEPKNS_17__class_type_infoEPKvRNS1_15__upcast_resultE
701008e2 T _ZNSt9type_infoD1Ev
701008e2 T _ZNSt9type_infoD2Ev
701008e4 T _ZNKSt9type_info14__is_pointer_pEv
701008e4 T _ZNKSt9type_info15__is_function_pEv
701008e8 T _ZNKSt9type_infoeqERKS_
70100914 T _ZN9__gnu_cxx27__verbose_terminate_handlerEv
701009fc t is_fnqual_component_type
70100a18 t d_make_empty
70100a3a t d_make_comp
70100abc t d_make_name
70100ae4 t d_make_builtin_type
70100af6 t d_number
70100b44 t d_number_component
70100b60 t d_call_offset
70100ba8 t d_ref_qualifier
70100bd4 t d_compact_number
70100c04 t d_template_param
70100c32 t d_add_substitution
70100c4e t d_count_templates_scopes
70100d10 t d_print_flush
70100d32 t d_append_char
70100d56 t d_append_buffer
70100d70 t d_pack_length
70100d88 t d_append_string
70100da2 t d_source_name
70100e1c t d_abi_tags
70100e50 t d_append_num
70100e70 t d_discriminator
70100eb4 t d_index_template_argument
70100ed4 t d_lookup_template_argument
70100eec t d_find_pack
70100f90 t d_growable_string_callback_adapter
70101000 t op_is_new_cast.isra.0
70101026 t d_print_comp
70101d18 t d_print_mod
70101e48 t d_print_function_type
70101efa t d_print_mod_list
70101fd4 t d_print_array_type
70102054 t d_print_expr_op
7010206a t d_print_subexpr
701020a4 t d_maybe_print_fold_expression
70102180 t next_is_type_qual.isra.0
701021b0 t d_substitution
701022cc t d_expr_primary
7010238c t d_expression_1
701026fc t d_expression
7010270e t d_exprlist
70102768 t d_type
70102d2c t d_template_arg
70102d74 t d_template_args_1
70102dd2 t d_template_args
70102de6 t d_operator_name
70102ec0 t d_parmlist
70102f34 t d_cv_qualifiers
7010306c t d_bare_function_type
701030aa t d_function_type
70103108 t d_unqualified_name
70103310 t d_name
7010359c t d_encoding
7010399a t d_demangle_callback.constprop.0
70103c2c T __cxa_demangle
70103cd4 T __gcclibcxx_demangle_callback
70103cf0 T _ZdlPv
70103cf4 t _ZN10__cxxabiv1L24__is_gxx_exception_classEPc
70103d2e T __cxa_call_terminate
70103d4c T __cxa_call_unexpected
70103e2c t _ZN10__cxxabiv1L24__is_gxx_exception_classEPc
70103e66 T __cxa_begin_catch
70103eb8 T __cxa_end_catch
70103f00 t _ZL23__gxx_exception_cleanup19_Unwind_Reason_CodeP21_Unwind_Control_Block
70103f44 T __cxa_init_primary_exception
70103f9c T __cxa_throw
70103fd2 T __cxa_rethrow
70104040 T __cxa_current_exception_type
7010405c t _ZN12_GLOBAL__N_14pool4freeEPv.constprop.0
701040c8 t _ZN12_GLOBAL__N_14pool8allocateEj.constprop.0
70104110 T __cxa_allocate_exception
7010413c T __cxa_free_exception
7010415c t _GLOBAL__sub_I__ZN9__gnu_cxx9__freeresEv
70104184 T __aeabi_drsub
7010418c T __aeabi_dsub
7010418c T __subdf3
70104190 T __adddf3
70104190 T __aeabi_dadd
70104408 T __aeabi_ui2d
70104408 T __floatunsidf
70104428 T __aeabi_i2d
70104428 T __floatsidf
7010444c T __aeabi_f2d
7010444c T __extendsfdf2
70104490 T __aeabi_ul2d
70104490 T __floatundidf
701044a0 T __aeabi_l2d
701044a0 T __floatdidf
701044fc T __aeabi_dmul
701044fc T __muldf3
70104750 T __aeabi_ddiv
70104750 T __divdf3
70104920 T __gedf2
70104920 T __gtdf2
70104928 T __ledf2
70104928 T __ltdf2
70104930 T __cmpdf2
70104930 T __eqdf2
70104930 T __nedf2
701049ac T __aeabi_cdrcmple
701049bc T __aeabi_cdcmpeq
701049bc T __aeabi_cdcmple
701049cc T __aeabi_dcmpeq
701049e0 T __aeabi_dcmplt
701049f4 T __aeabi_dcmple
70104a08 T __aeabi_dcmpge
70104a1c T __aeabi_dcmpgt
70104a30 T __aeabi_dcmpun
70104a30 T __unorddf2
70104a5c T __aeabi_d2iz
70104a5c T __fixdfsi
70104aac T __aeabi_uldivmod
70104adc T __udivmoddi4
70104d84 t selfrel_offset31
70104d96 t search_EIT_table
70104df8 t __gnu_unwind_get_pr_addr
70104e20 t get_eit_entry
70104eb4 t restore_non_core_regs
70104f00 t __gnu_unwind_24bit.constprop.0
70104f04 t _Unwind_decode_typeinfo_ptr.constprop.0
70104f0e t _Unwind_DebugHook
70104f10 t unwind_phase2
70104f4a t unwind_phase2_forced
70104ffa T _Unwind_GetCFA
70104ffe T __gnu_Unwind_RaiseException
70105058 T __gnu_Unwind_ForcedUnwind
7010506a T __gnu_Unwind_Resume
701050aa T __gnu_Unwind_Resume_or_Rethrow
701050b8 T _Unwind_Complete
701050ba T _Unwind_DeleteException
701050c6 T _Unwind_VRS_Get
701050f6 t _Unwind_GetGR
7010510e T _Unwind_VRS_Set
7010513e t _Unwind_SetGR
70105156 T __gnu_Unwind_Backtrace
701051c2 t __gnu_unwind_pr_common
70105404 T __aeabi_unwind_cpp_pr0
70105408 W __aeabi_unwind_cpp_pr1
7010540c W __aeabi_unwind_cpp_pr2
70105410 T _Unwind_VRS_Pop
70105640 T __restore_core_regs
70105640 T restore_core_regs
70105658 T __gnu_Unwind_Restore_VFP
70105660 T __gnu_Unwind_Save_VFP
70105668 T __gnu_Unwind_Restore_VFP_D
70105670 T __gnu_Unwind_Save_VFP_D
70105678 T __gnu_Unwind_Restore_VFP_D_16_to_31
70105680 T __gnu_Unwind_Save_VFP_D_16_to_31
70105688 T __gnu_Unwind_Restore_WMMXD
701056cc T __gnu_Unwind_Save_WMMXD
70105710 T __gnu_Unwind_Restore_WMMXC
70105724 T __gnu_Unwind_Save_WMMXC
70105738 T ___Unwind_RaiseException
70105738 T _Unwind_RaiseException
7010575c T ___Unwind_Resume
7010575c T _Unwind_Resume
70105780 T ___Unwind_Resume_or_Rethrow
70105780 T _Unwind_Resume_or_Rethrow
701057a4 T ___Unwind_ForcedUnwind
701057a4 T _Unwind_ForcedUnwind
701057c8 T ___Unwind_Backtrace
701057c8 T _Unwind_Backtrace
701057ec t next_unwind_byte
7010581a t _Unwind_GetGR.constprop.0
70105832 t unwind_UCB_from_context
70105834 T __gnu_unwind_execute
70105a74 T __gnu_unwind_frame
70105a9e T _Unwind_GetRegionStart
70105aa8 T _Unwind_GetLanguageSpecificData
70105aba T _Unwind_GetDataRelBase
70105ac0 T _Unwind_GetTextRelBase
70105ac8 W __aeabi_idiv0
70105ac8 W __aeabi_ldiv0
70105acc T __libc_init_array
70105b14 T cleanup_glue
70105b2e T _reclaim_reent
70105bb4 T _sprintf_r
70105bec T sprintf
70105c2c T __sread
70105c4e T __seofread
70105c52 T __swrite
70105c8a T __sseek
70105cae T __sclose
70105cb8 T _svfprintf_r
70106c24 T _write_r
70106c48 T _close_r
70106c68 t quorem
70106d86 T _dtoa_r
7010791c T __errno
70107928 T _malloc_trim_r
701079c8 T _free_r
70107b48 T __localeconv_l
70107b4c T _localeconv_r
70107b54 T localeconv
70107b5c T _setlocale_r
70107b9c T __locale_mb_cur_max
70107ba8 T setlocale
70107bb8 T _lseek_r
70107bdc T _malloc_r
7010803c T _mbtowc_r
70108050 T __ascii_mbtowc
70108074 T memchr
701080d8 T __malloc_lock
701080e4 T __malloc_unlock
701080f0 T _Balloc
7010813a T _Bfree
7010814c T __multadd
701081dc T __s2b
70108270 T __hi0bits
701082b0 T __lo0bits
7010830e T __i2b
70108338 T __multiply
70108488 T __pow5mult
70108508 T __lshift
701085e8 T __mcmp
70108620 T __mdiff
70108740 T __ulp
70108788 T __b2d
7010882c T __d2b
701088e0 T __ratio
7010893c T _mprec_log10
70108974 T __copybits
701089ba T __any_on
701089fc T _read_r
70108a20 T _sbrk_r
70108a40 T __ssprint_r
70108b36 T _svfiprintf_r
7010935c T _wctomb_r
70109370 T __ascii_wctomb
7010938c T __assert_func
701093c8 T __assert
701093d4 T _calloc_r
70109440 T __sflush_r
7010955c T _fflush_r
701095a6 T fflush
701095c8 t std
70109618 T _cleanup_r
70109624 t __fp_lock
7010963c t __fp_unlock
70109654 T __sfmoreglue
70109680 T _cleanup
7010968c T __sfp_lock_acquire
70109698 T __sfp_lock_release
701096a4 T __sinit_lock_acquire
701096b0 T __sinit_lock_release
701096bc T __sinit
7010970c T __sfp
70109798 T __fp_lock_all
701097b4 T __fp_unlock_all
701097d0 T _fiprintf_r
701097ea T fiprintf
70109810 T _fwalk
7010984a T _fwalk_reent
70109888 T __retarget_lock_init
7010988a T __retarget_lock_init_recursive
7010988c T __retarget_lock_close
7010988e T __retarget_lock_close_recursive
70109890 T __retarget_lock_acquire
70109892 T __retarget_lock_acquire_recursive
70109894 T __retarget_lock_try_acquire
70109898 T __retarget_lock_try_acquire_recursive
7010989c T __retarget_lock_release
7010989e T __retarget_lock_release_recursive
701098a0 T _realloc_r
70109bf8 T __sprint_r
70109c5c T _vfiprintf_r
7010a500 T vfiprintf
7010a514 t __sbprintf
7010a594 T __swsetup_r
7010a644 T _fclose_r
7010a6f2 T fclose
7010a700 T __fputwc
7010a782 T _fputwc_r
7010a7d6 T fputwc
7010a804 T __sfvwrite_r
7010aa98 T __swhatbuf_r
7010aaf0 T __smakebuf_r
7010ab70 T __swbuf_r
7010ac02 T __swbuf
7010ac14 T _wcrtomb_r
7010ac40 T wcrtomb
7010ac54 T _fstat_r
7010ac78 T _isatty_r
7010ac98 t ____wrap_malloc_veneer
7010aca0 t ____wrap_realloc_veneer
7010aca8 t ____wrap_strncmp_veneer
7010acb0 t ____wrap_memmove_veneer
7010acb8 t ____wrap_memcmp_veneer
7010acc0 t ____wrap_strlen_veneer
7010acc8 t ____wrap_free_veneer
7010acd0 t ____wrap_strcpy_veneer
7010acd8 t ____wrap_abort_veneer
7010ace0 t ____wrap_memcpy_veneer
7010ace8 t ____wrap_memset_veneer
7010acf0 t ____wrap_strcmp_veneer
7010acf8 T __ddr_code_text_end__
7010ad00 T __eram_text_start__
7010ad00 T setup
7010ad02 T loop
7010ad04 W _init
7010ad08 W _Z14serialEventRunv
7010ad28 T ameba_init
7010ad34 T delay
7010ad3c T _ZNK9IPAddress7printToER5Print
7010ad7c T _ZN9IPAddressC1Ev
7010ad7c T _ZN9IPAddressC2Ev
7010ad8c T _ZN9IPAddressC1Ehhhh
7010ad8c T _ZN9IPAddressC2Ehhhh
7010ada4 W _ZN12LOGUARTClasscvbEv
7010ada8 T _ZN12LOGUARTClass9availableEv
7010adba T _ZN12LOGUARTClass4peekEv
7010add6 T _ZN12LOGUARTClass4readEv
7010ae00 T _ZN12LOGUARTClass5flushEv
7010ae04 T _Z27arduino_loguart_irq_handlerm9SerialIrq
7010ae20 T _ZN12LOGUARTClass3endEv
7010ae38 T _ZN12LOGUARTClass5beginEm
7010ae90 T _ZN12LOGUARTClass5writeEh
7010aea0 T _ZN12LOGUARTClassC1EiP10RingBuffer
7010aea0 T _ZN12LOGUARTClassC2EiP10RingBuffer
7010aed0 T _Z16Serial_availablev
7010aee8 t _GLOBAL__sub_I_log_uart_obj
7010af08 T _ZN5Print5writeEPKhj
7010af32 W _ZN5Print5writeEPKc
7010af4e T _ZN5Print5printEc
7010af5a T _ZN5Print11printNumberEmh
7010af9a T _ZN5Print5printEmi
7010afb0 T _ZN5Print5printEhi
7010afb8 T _ZN10RingBufferC1Ev
7010afb8 T _ZN10RingBufferC2Ev
7010afd2 T _ZN10RingBuffer10store_charEh
7010aff0 W _ZN12UARTClassOnecvbEv
7010aff4 T _ZN12UARTClassOne9availableEv
7010b05c T _ZN12UARTClassOne4peekEv
7010b078 T _ZN12UARTClassOne4readEv
7010b0a2 T _ZN12UARTClassOne5flushEv
7010b0a4 T _ZN12UARTClassOne5beginEm
7010b0f0 t _ZL24arduino_uart_irq_handlerm9SerialIrq
7010b10c T _ZN12UARTClassOne3endEv
7010b124 T _ZN12UARTClassOne5writeEh
7010b134 t _GLOBAL__sub_I_rx_buffer1
7010b164 W _ZN12UARTClassTricvbEv
7010b168 T _ZN12UARTClassTri9availableEv
7010b17a T _ZN12UARTClassTri4peekEv
7010b196 T _ZN12UARTClassTri4readEv
7010b1c0 T _ZN12UARTClassTri5flushEv
7010b1c4 T _ZN12UARTClassTri5beginEm
7010b210 t _ZL24arduino_uart_irq_handlerm9SerialIrq
7010b22c T _ZN12UARTClassTri3endEv
7010b244 T _ZN12UARTClassTri5writeEh
7010b254 t _GLOBAL__sub_I_rx_buffer3
7010b284 W _ZN12UARTClassTwocvbEv
7010b288 T _ZN12UARTClassTwo9availableEv
7010b29a T _ZN12UARTClassTwo4peekEv
7010b2b6 T _ZN12UARTClassTwo4readEv
7010b2e0 T _ZN12UARTClassTwo5flushEv
7010b2e4 T _ZN12UARTClassTwo5beginEm
7010b330 t _ZL24arduino_uart_irq_handlerm9SerialIrq
7010b34c T _ZN12UARTClassTwo3endEv
7010b364 T _ZN12UARTClassTwo5writeEh
7010b374 t _GLOBAL__sub_I_rx_buffer2
7010b3a4 T main_task
7010b3c8 W initVariant
7010b3cc T main
7010b418 t _GLOBAL__sub_I__ZN7WiFiDrv13_networkCountE
7010b4b8 T hal_otp_init
7010b4c8 T hal_otp_pmc_gnt_ctrl
7010b4d8 T hal_otpc_ctrl
7010b4e8 T hal_otp_pwr_ctrl
7010b4f8 T hal_otp_rd_syss
7010b508 T hal_otp_get_pc_dly
7010b528 T hal_rtl_sys_peripheral_en_patch
7010bb9c T hal_rtl_sys_get_clk_patch
7010bbe0 t voe_isp_get_export_ld_info_from_nor
7010bcdc t hal_voe_get_ld_info_nand
7010bdec T voe_export_info_init
7010be40 T shell_init_with_stdio_port
7010be54 T shell_set_cmd_buf
7010be6c T shell_set_hist_buf
7010be84 T shell_set_prompt
7010be9c T shell_set_cmd_table
7010beb4 T shell_set_cmd_list
7010becc T shell_unregister_all
7010bee0 T shell_cmd_init
7010bf38 T osDelay
7010bf54 T vAssertCalled
7010bf78 T vApplicationStackOverflowHook
7010bfc8 T vApplicationGetIdleTaskMemory
7010bfe0 T vApplicationGetTimerTaskMemory
7010bff8 T vApplicationDaemonTaskStartupHook
7010bffa t hal_snand_pinmux_ctl.part.0
7010c030 t rt_memcpy.isra.0
7010c040 T hal_snand_adtr_reset
7010c0cc T hal_snand_clk_sel
7010c0d8 T hal_snand_set_status
7010c0e8 T hal_snand_get_status
7010c0f8 T hal_snand_set_quad_enable
7010c112 T hal_snand_io_mode_sel
7010c14c T hal_snand_init_ctrl_info
7010c180 T hal_snand_init
7010c1a8 T xGetHeap1Size
7010c1b8 T xGetHeap0Size
7010c1c8 T xGetHeap1Start
7010c1d0 T xGetHeap0Start
7010c1d8 t prvHeapInitExt
7010c238 t prvInsertBlockIntoFreeList
7010c284 T vPortLock
7010c298 T vPortUnlock
7010c2ac T xPortGetHeapIndex
7010c30c T pvPortMallocExt
7010c3fc T pvPortInsertPreAllocExt
7010c4e0 T pvPortMalloc
7010c4ea T pvPortInsertPreAlloc
7010c4f4 T vPortFree
7010c570 T pvPortReAlloc
7010c5e4 T vListInitialise
7010c5fa T vListInitialiseItem
7010c600 T vListInsertEnd
7010c618 T vListInsert
7010c646 T uxListRemove
7010c668 t prvTaskExitError
7010c698 W vPortSetupTimerInterrupt
7010c6bc T vPortYield
7010c6d4 T vPortEnterCritical
7010c6f0 T vPortExitCritical
7010c71c T SysTick_Handler
7010c740 T vPortSVCHandler_C
7010c780 T pxPortInitialiseStack
7010c7f0 T xPortStartScheduler
7010c830 T vRestoreContextOfFirstTask
7010c860 t pxCurrentTCBConst2
7010c870 T vStartFirstTask
7010c890 t xVTORConst
7010c894 T ulSetInterruptMask
7010c8aa T vClearInterruptMask
7010c8c0 T PendSV_Handler
7010c920 t pxCurrentTCBConst
7010c930 T SVC_Handler
7010c950 t svchandler_address_const
7010c954 t prvIsQueueEmpty
7010c96a t prvCopyDataToQueue
7010c9d4 t prvNotifyQueueSetContainer
7010ca50 t prvCopyDataFromQueue
7010ca72 t prvUnlockQueue
7010caec T xQueueGenericReset
7010cb58 T xQueueGenericCreateStatic
7010cbdc T xQueueGenericSend
7010cd1c T xQueueGenericSendFromISR
7010cdec T xQueueReceive
7010cef0 T vQueueAddToRegistry
7010cf14 T vQueueWaitForMessageRestricted
7010cf58 t _serial_tx_irq_handler
7010cf74 T serial_init
7010cfa4 T serial_free
7010cfe0 T serial_baud
7010cff0 T serial_format
7010d000 T serial_irq_handler
7010d038 T serial_irq_set
7010d094 T serial_readable
7010d0a2 T serial_getc
7010d0b8 T serial_writable
7010d0ca T serial_putc
7010d0f0 t prvAddNewTaskToReadyList
7010d1e0 t prvAddCurrentTaskToDelayedList
7010d24c t prvResetNextTaskUnblockTime
7010d270 t prvDeleteTCB
7010d2a8 t prvIdleTask
7010d2f8 t prvInitialiseNewTask.constprop.0
7010d3e0 T xTaskCreateStatic
7010d468 T xTaskCreate
7010d4c4 T vTaskStartScheduler
7010d558 T vTaskSuspendAll
7010d568 T xTaskGetTickCount
7010d574 T xTaskIncrementTick
7010d69c T xTaskResumeAll
7010d770 T vTaskDelay
7010d7ac T vTaskSwitchContext
7010d8a8 T vTaskPlaceOnEventList
7010d8d8 T vTaskPlaceOnEventListRestricted
7010d914 T xTaskRemoveFromEventList
7010d998 T vTaskInternalSetTimeOutState
7010d9b0 T xTaskCheckForTimeOut
7010da1c T vTaskMissedYield
7010da28 T xTaskGetSchedulerState
7010da48 T xTaskPriorityDisinherit
7010dac8 t prvCheckForValidListAndQueue
7010db2c t prvInsertTimerInActiveList
7010db68 T xTimerCreateTimerTask
7010dbcc T xTimerGenericCommand
7010dc24 t prvSampleTimeNow
7010dcd4 t prvTimerTask
7010de94 T _us_ticker_irq_handler
7010deb0 T us_ticker_init
7010dedc T us_ticker_read
7010dee4 T us_ticker_set_interrupt
7010df2c T us_ticker_disable_interrupt
7010df30 T us_ticker_clear_interrupt
7010df34 T us_ticker_irq_handler
7010df7c T voe_t2ff_prealloc
7010dff0 T _close
7010e000 T _fstat
7010e010 T _isatty
7010e020 T _lseek
7010e030 T _read
7010e040 T _sbrk
7010e05c T _write
7010e06c t hal_irq_enable
7010e07c t hal_irq_disable
7010e08c T PonGPIO_IRQHandler_ram_patch
7010e110 t hal_rtl_gpio_reg_irq_patch.part.0
7010e178 T hal_rtl_pon_gpio_comm_init_patch
7010e1c4 T hal_rtl_uart_init_bt_patch
7010e208 T hal_rtl_uart_unreg_irq_patch
7010e224 T hal_rtl_uart_deinit_patch
7010e290 t stdio_port_putc.isra.0
7010e2a0 T __wrap_fputc
7010e2ec T __wrap_fputs
7010e350 t __hal_read_curtime_us_veneer
7010e358 t __hal_pinmux_register_veneer
7010e360 t ____wrap_memset_veneer
7010e368 t __hal_delay_us_veneer
7010e370 t ____wrap_puts_veneer
7010e378 t __hal_uart_init_veneer
7010e380 t __hal_uart_tx_gdma_deinit_veneer
7010e388 t ____wrap_memcpy_veneer
7010e390 t __hal_uart_deinit_veneer
7010e398 t ____wrap_strlen_veneer
7010e3a0 t ____wrap_printf_veneer
7010e3a8 t __hal_uart_rx_gdma_deinit_veneer
7010e3b0 R __eram_rodata_start__
7010e3b0 T __eram_text_end__
7010e3b0 V _ZTS9Printable
7010e3bc V _ZTI9Printable
7010e3c4 R _ZTI9IPAddress
7010e3d0 R _ZTS9IPAddress
7010e3dc R _ZTV9IPAddress
7010e3e8 V _ZTS6Stream
7010e3f0 V _ZTI6Stream
7010e3fc V _ZTS14HardwareSerial
7010e410 V _ZTI14HardwareSerial
7010e41c R _ZTI12LOGUARTClass
7010e428 R _ZTS12LOGUARTClass
7010e438 R _ZTV12LOGUARTClass
7010e464 R _ZTI5Print
7010e46c R _ZTS5Print
7010e4ec R _ZTI12UARTClassOne
7010e4f8 R _ZTS12UARTClassOne
7010e508 R _ZTV12UARTClassOne
7010e534 R _ZTI12UARTClassTri
7010e540 R _ZTS12UARTClassTri
7010e550 R _ZTV12UARTClassTri
7010e57c R _ZTI12UARTClassTwo
7010e588 R _ZTS12UARTClassTwo
7010e598 R _ZTV12UARTClassTwo
7010e5f7 R prompt_str
7010ea28 R _ZTIN10__cxxabiv117__class_type_infoE
7010ea34 R _ZTSN10__cxxabiv117__class_type_infoE
7010ea58 R _ZTVN10__cxxabiv117__class_type_infoE
7010ea98 R _ZTIN10__cxxabiv115__forced_unwindE
7010eaa0 R _ZTIN10__cxxabiv119__foreign_exceptionE
7010eaa8 R _ZTISt13bad_exception
7010eab4 R _ZTISt9exception
7010eabc R _ZTSN10__cxxabiv115__forced_unwindE
7010eadc R _ZTSN10__cxxabiv119__foreign_exceptionE
7010eb00 R _ZTSSt13bad_exception
7010eb12 R _ZTSSt9exception
7010eb20 R _ZTVSt13bad_exception
7010eb34 R _ZTIN10__cxxabiv120__si_class_type_infoE
7010eb40 R _ZTSN10__cxxabiv120__si_class_type_infoE
7010eb68 R _ZTVN10__cxxabiv120__si_class_type_infoE
7010eb94 R _ZTISt9type_info
7010eb9c R _ZTSSt9type_info
7010f2fc r cplus_demangle_builtin_types
7010f5a4 r standard_subs
7010f668 r cplus_demangle_operators
7010fac8 R _global_impure_ptr
7010fb00 r blanks.1
7010fb10 r zeroes.0
7010fb20 R _ctype_
7010fd40 r p05.0
7010fd50 R __mprec_tens
7010fe18 R __mprec_tinytens
7010fe40 R __mprec_bigtens
7010fe68 r blanks.1
7010fe78 r zeroes.0
7010fec4 r blanks.1
7010fed4 r zeroes.0
7010fee4 R __eram_rodata_end__
7011005c R __exidx_start
70110324 R __exidx_end
70110328 D __eram_data_start__
70110328 D g_APinDescription
70110508 d lock_assert.4
7011050c D xHeapInfo
70110564 D uxTopUsedPriority
70110568 D isp_boot
7011056c D video_dbg_level
70110570 D _ZN10__cxxabiv120__unexpected_handlerE
70110574 D _ZN10__cxxabiv119__terminate_handlerE
70110578 D _impure_ptr
70110580 d impure_data
701109a8 D __global_locale
70110b14 D __malloc_av_
70110f1c D __malloc_sbrk_base
70110f20 D __malloc_trim_threshold
70110f24 D __eram_data_end__
70110f24 D __eram_heap_start__
77800000 A __eram_end__
77800000 A __nn_eram_start__
78000000 A __nn_eram_end__
